curl 'https://parksontheair.auth.us-east-2.amazoncognito.com/oauth2/token' \
  -H 'accept: */*' \
  -H 'accept-language: zh-CN,zh;q=0.9,ar-EG;q=0.8,ar;q=0.7,zh-TW;q=0.6,en-US;q=0.5,en;q=0.4,zh-HK;q=0.3,ja-JP;q=0.2,ja;q=0.1' \
  -H 'cache-control: no-cache' \
  -H 'content-type: application/x-www-form-urlencoded' \
  -H 'dnt: 1' \
  -H 'origin: https://pota.app' \
  -H 'pragma: no-cache' \
  -H 'priority: u=1, i' \
  -H 'referer: https://pota.app/' \
  -H 'sec-ch-ua: "Google Chrome";v="143", "Chromium";v="143", "Not A(Brand";v="24"' \
  -H 'sec-ch-ua-mobile: ?0' \
  -H 'sec-ch-ua-platform: "macOS"' \
  -H 'sec-fetch-dest: empty' \
  -H 'sec-fetch-mode: cors' \
  -H 'sec-fetch-site: cross-site' \
  -H 'user-agent: Mozilla/5.0 (Macintosh; Intel Mac OS X 10_15_7) AppleWebKit/537.36 (KHTML, like Gecko) Chrome/143.0.0.0 Safari/537.36' \
  --data-raw 'grant_type=authorization_code&code=c011f10d-13ea-4427-ae8e-6fd8c77a2f0a&client_id=7hluqct0n2nckib7i7sd5753oa&redirect_uri=https%3A%2F%2Fpota.app%2F&code_verifier=yXmf78KMSIBRJorsr7Nxr6x2OfcPFwEI159IXYhcltRyiAGv8swQ3dbAZVYGBBMWYjtXmzRfDhheKihQ0ctvaMcnZAiKZ2jpshrTynuP5wYiHa4Ph5bi6oce3sLDvS2Y'



response:
{
    "id_token": "eyJraWQiOiJORmJaeHMyTE5uS3ZUVGlUTFwvSGhZS1BiQlZQZjFHWnhESllMSFFyeURycz0iLCJhbGciOiJSUzI1NiJ9.eyJhdF9oYXNoIjoicTdqLU9yaDVsUkZ6MHhQMENjU1gxQSIsInN1YiI6ImY4NGMyMWMwLTA5OTUtNDMwMi1hOWMyLWQxZjIzZWViZDE5YSIsInBvdGE6ZW1haWwiOiJvbXlzaG9rYW1pQGdtYWlsLmNvbSIsInBvdGE6Z3JvdXBzIjoiIiwiY29nbml0bzpncm91cHMiOlsiUGFyayBDcmVhdG9yIiwiUGFyayBNYW5hZ2VyIENOIiwiVXBsb2FkIl0sImVtYWlsX3ZlcmlmaWVkIjp0cnVlLCJpc3MiOiJodHRwczpcL1wvY29nbml0by1pZHAudXMtZWFzdC0yLmFtYXpvbmF3cy5jb21cL3VzLWVhc3QtMl9uQTVqWjBrbGgiLCJjb2duaXRvOnVzZXJuYW1lIjoiZjg0YzIxYzAtMDk5NS00MzAyLWE5YzItZDFmMjNlZWJkMTlhIiwiYXVkIjoiN2hsdXFjdDBuMm5ja2liN2k3c2Q1NzUzb2EiLCJldmVudF9pZCI6ImMyMTk5ZDZhLTMyMjgtNDRkZS05MTIyLWExOTk1OTc1N2M1OSIsInRva2VuX3VzZSI6ImlkIiwiYXV0aF90aW1lIjoxNzY4MDE4ODQ1LCJwb3RhOmZ1bGxuYW1lIjoiTEkgRE9OR0xJTiIsInBvdGE6aWQiOiI0NTU4NiIsInBvdGE6Y2FsbHNpZ24iOiJCSTFRSlEiLCJleHAiOjE3NjgwMjI0NDUsImlhdCI6MTc2ODAxODg0NSwiZW1haWwiOiJvbXlzaG9rYW1pQGdtYWlsLmNvbSJ9.U1lfuEGtYoCv837e-3fNP0sL1TsQdW-96Slr6-Q6wDj7B5JClNxdtcbGr82GXqEWDpAbqZAPrDYkrkggjqHHMOjWd7WgObccVVzMQbAsrBqSIKKeWQoYbEbqT90lbYyPOtCfdT7XYzx4RAt4CTb9E3e1In1M3lIKgWCCr4HOKb5PUeC_bt8L0MY0tUBBD9sC2U9ptEydt4C7h8NyiEVAkwjNPKkMCKy2yuuJS1ZpegeqPnpsm-iMEeuBYOxLPbhUSNQkO5f7ZR50H_YTWsFZdQIsFbTNaCUi87WMZtJkbMFM1kFsq3SktGZ_7c2ULrJA22qsGdwJKOhnC9GShOvvYA",
    "access_token": "eyJraWQiOiI4Wm9SbnhvdER4QkNmVlFCQjNSU1dlWGZyWE9YMzFzY05FRFJheVVYa1NnPSIsImFsZyI6IlJTMjU2In0.eyJzdWIiOiJmODRjMjFjMC0wOTk1LTQzMDItYTljMi1kMWYyM2VlYmQxOWEiLCJjb2duaXRvOmdyb3VwcyI6WyJQYXJrIENyZWF0b3IiLCJQYXJrIE1hbmFnZXIgQ04iLCJVcGxvYWQiXSwiaXNzIjoiaHR0cHM6XC9cL2NvZ25pdG8taWRwLnVzLWVhc3QtMi5hbWF6b25hd3MuY29tXC91cy1lYXN0LTJfbkE1alowa2xoIiwidmVyc2lvbiI6MiwiY2xpZW50X2lkIjoiN2hsdXFjdDBuMm5ja2liN2k3c2Q1NzUzb2EiLCJldmVudF9pZCI6ImMyMTk5ZDZhLTMyMjgtNDRkZS05MTIyLWExOTk1OTc1N2M1OSIsInRva2VuX3VzZSI6ImFjY2VzcyIsInNjb3BlIjoiYXdzLmNvZ25pdG8uc2lnbmluLnVzZXIuYWRtaW4gcGhvbmUgb3BlbmlkIHByb2ZpbGUgZW1haWwiLCJhdXRoX3RpbWUiOjE3NjgwMTg4NDUsImV4cCI6MTc2ODAyMjQ0NSwiaWF0IjoxNzY4MDE4ODQ1LCJqdGkiOiIxNjFmM2M1NS03NTc5LTQ0NGYtOGRiNy1iZjBhOGFlYTVhZjYiLCJ1c2VybmFtZSI6ImY4NGMyMWMwLTA5OTUtNDMwMi1hOWMyLWQxZjIzZWViZDE5YSJ9.MU0UPp4z7wnmxEzzj7S5mX8k_LJosbH27Y0VBbjZcuw_JJeJwmVcpZzZ9ZalGrrzrRk5mN1dfjQgegcTJEfJv__T5UHbd7WfOt29NNyIMUU73SUL66xBpyw87LUf9wowVePH7n3khGwzjkFvHYqV1ogFeoaLy6jeuRjg3kimwTauhI1xD9vBnynxaWrlQIHaxSiRhm7hbj8WIJ85Nxrle-YzFFOo5c_YwftKgJSaBFTNde8Uk93n0-E519D7117l4nf49cy0LEgzZiMNbEIx-6g8nFBnxhSHblOQNPrcJvM6LzHaVzGZyJOXlLepcI8qt8-Fz8UilTKcMoGWVvISKg",
    "refresh_token": "eyJjdHkiOiJKV1QiLCJlbmMiOiJBMjU2R0NNIiwiYWxnIjoiUlNBLU9BRVAifQ.Wv-9rOyv-E6vLcP0rUGkpG9HVxUQlmzZVilVIJYR4gmfXakIdPrGqYK0HKc06aANaIbb9iUPCD8hHTP6B6h_e5Hbg_gAIA1C9wSnCbM34st8s3yWMwrMFw9X8sVUZgE5OFEtTbEVtcuMOeuJV1FCTYWtZJ6fH-ZC1gsYKhxxSriVHr-gcTMmZhC1MCMK2Hbf7ymLDDP1ThmBPNracU97I33pIpXs_j-rn9Y18tqiOgO0YZEL5qGZf7h0AdcIqQ8p1FNXaKCgi71EXNPqgFeKdLDM7I8NbDx81w7CqRyl_Iay-n_q25OIHawaOOJTXI01vSk7QVFzoCd222ZypVAeTA.JMruW6eYo4ydG6mg._OpqN0Gjb-cL4cQp5uCzScwBNzyRjMlP8ZCIBGxy93gLKo_VdN68oZFrpLYPnrlEUrt-QVJTBdEPg_p1kTmU5buZBW0V_7vkPQLelpIkwYa2ge2yRaOEIRB5-xAOiFuHpoiWHP-ASW1RCQAJdWqLBcc3C1SNIJCn9tV5F3Bhdcx3MPto3Oi8zmw612A2heeI4U1lr0diwvXg9bLXxk7_88sy0WPH1zp4Z1G7QiYjJc3jJ6DAGoagjWBb4GnPI67whN5t60oWRJp49DT0-QZbi7Mvivlr1MDnMZsPic_cb8G6BBmelds7PhVBZHBm3WKsykLoBdKPy6ss1DSb8-XrOviugke6kPtcNXRws5tqlajIZ6zmAxab4LSYQOnFTgS493Ubx6PBEWt5ZLy4VR4VUqMDLXmoBH0RB5VNBATz3WofUjQJKJeqs1uVqLzl8z_vRnNsqnw3Rqivdv_wYFofQ768iUJPD_zkHoHM-X6bRW62LcJ1boTCwM8fJoE6ZGHq0w3vUZNtotB8Recai9hlReuEWPbYEdi_H18fWZz7x0oW35pjGFJD39F_grJiV5tBFocucqmMfixrmlt64AxdHmvc8lrjmOsNTRfu67MTylXxHfNs5HY0Q-rFvWhaRMDgwIGEPfwKpxYhCRTqjEHYZPmgK58R5WR2yZWkwMPViGhc1gzN1p8OK5zVHpkQdSsRcHtE96K0SxdDJnac_AkAMpnODzn-1r2-gfjHs_vmKgp5zrT9s9iSoap-vDdKNMGCGAn07cCRol4EuVJBALikjYSahasHXRpqIuHeo2Adz3xtOXkAW37DGukk9nWTBmlWCAZ90iQcIq0Ajig0vFoZbdOMV4MUYjuCtCcz9QozGqHTuyuRlenoRjsvN5eO_kHThyeAnKWKSbJBIgRppj8hM_6TPFT0KtQ4wyUT13QUvtFnX3U0If8yuYw-dPgzPauUqAqxzUE_TF8rZpWzKj4KPzHPBnGn6pMFj_HBL483oC2vSdWrJt2Ugjb--wxj-x4O3YhodyTDTwD6MD39tHq2mBy4MQhkXSmKgU2sDupMkRAmVf6zCArphuiuAIZHmZ2dko4wKZV3M_T0FWwk_ZD468xnEHED1jdRQMWJueqLuDbywfh28CvmT72dICke49Wn5_35aT4DJB8sJKzxO1tjMbexkGBeNsEU9Myba9B5Xi2qiPfaMndawL18iXu6e-I7gv1AoqoqwG6UO6x6sZF1se7r7n_wIVb_Tsx3QCGsEOutrApKUHMXJyRLHiQxsYFW6Ee0lc_5I4NAx1KoV8ooBW-p_rJkGvXEVtNllYZLBKQ34FcHPXDXpDpwTlsmMb-AZ8nzSeyjSX5vaSlLb--mpbLNNikwBpFk9fR9uF07mMRV6ydwHQFbPY7fPaX7LzI.K2JWMir7580HmYxw-h97ZA",
    "expires_in": 3600,
    "token_type": "Bearer"
}